// Vitest Snapshot v1, https://vitest.dev/guide/snapshot.html

exports[`parsing attributes > parsing named attribute 1`] = `
AttributeNode {
  "name": "foo",
}
`;

exports[`parsing attributes > parsing valued attribute 1`] = `
AttributeNode {
  "name": "a",
  "value": StringAttributeValue {
    "value": "b",
  },
}
`;
