// Vitest Snapshot v1, https://vitest.dev/guide/snapshot.html

exports[`parsing constraints > parsing bound constraint 1`] = `
BoundConstraintNode {
  "parameters": [
    TypeParameterNode {
      "infer": false,
      "name": "value",
    },
  ],
  "trait": "Foo",
}
`;

exports[`parsing constraints > parsing default constraint 1`] = `
DefaultConstraintNode {
  "parameter": TypeParameterNode {
    "infer": false,
    "name": "value",
  },
  "value": NamedTypeNode {
    "name": "Number",
    "parameters": [],
  },
}
`;
